...............................................F.....FF......FF......... [ 53%]
.............F................................................           [100%]
================================== FAILURES ===================================
____________ TestLatencyMetrics.test_update_multiple_measurements _____________

self = <tests.test_health_monitor.TestLatencyMetrics object at 0x000001C46758D2D0>

    def test_update_multiple_measurements(self):
        """Test update with multiple measurements."""
        metrics = LatencyMetrics(endpoint="/api")
        measurements = [5.0, 10.0, 15.0, 20.0, 25.0, 30.0, 35.0, 40.0, 45.0, 50.0]
        metrics.update(measurements)
    
        assert metrics.samples == 10
>       assert metrics.mean_ms == 25.0
E       AssertionError: assert 27.5 == 25.0
E        +  where 27.5 = LatencyMetrics(endpoint='/api', samples=10, mean_ms=27.5, p50_ms=30.0, p95_ms=50.0, p99_ms=50.0, min_ms=5.0, max_ms=50.0).mean_ms

tests\test_health_monitor.py:78: AssertionError
____________ TestHealthMonitor.test_check_database_health_success _____________

args = (<tests.test_health_monitor.TestHealthMonitor object at 0x000001C46758FAD0>,)
keywargs = {'monitor': <src.infrastructure.health_monitor.HealthMonitor object at 0x000001C47A60F690>}

    @wraps(func)
    def patched(*args, **keywargs):
>       with self.decoration_helper(patched,
                                    args,
                                    keywargs) as (newargs, newkeywargs):

C:\Users\amita\AppData\Local\Programs\Python\Python311\Lib\unittest\mock.py:1372: 
_ _ _ _ _ _ _ _ _ _ _ _ _ _ _ _ _ _ _ _ _ _ _ _ _ _ _ _ _ _ _ _ _ _ _ _ _ _ _ _
C:\Users\amita\AppData\Local\Programs\Python\Python311\Lib\contextlib.py:137: in __enter__
    return next(self.gen)
           ^^^^^^^^^^^^^^
C:\Users\amita\AppData\Local\Programs\Python\Python311\Lib\unittest\mock.py:1354: in decoration_helper
    arg = exit_stack.enter_context(patching)
          ^^^^^^^^^^^^^^^^^^^^^^^^^^^^^^^^^^
C:\Users\amita\AppData\Local\Programs\Python\Python311\Lib\contextlib.py:517: in enter_context
    result = _enter(cm)
             ^^^^^^^^^^
C:\Users\amita\AppData\Local\Programs\Python\Python311\Lib\unittest\mock.py:1443: in __enter__
    original, local = self.get_original()
                      ^^^^^^^^^^^^^^^^^^^
_ _ _ _ _ _ _ _ _ _ _ _ _ _ _ _ _ _ _ _ _ _ _ _ _ _ _ _ _ _ _ _ _ _ _ _ _ _ _ _

self = <unittest.mock._patch object at 0x000001C446E2D550>

    def get_original(self):
        target = self.getter()
        name = self.attribute
    
        original = DEFAULT
        local = False
    
        try:
            original = target.__dict__[name]
        except (AttributeError, KeyError):
            original = getattr(target, name, DEFAULT)
        else:
            local = True
    
        if name in _builtins and isinstance(target, ModuleType):
            self.create = True
    
        if not self.create and original is DEFAULT:
>           raise AttributeError(
                "%s does not have the attribute %r" % (target, name)
            )
E           AttributeError: <module 'src.infrastructure.health_monitor' from 'E:\\PRO\\JIM_Latest\\src\\infrastructure\\health_monitor.py'> does not have the attribute 'QuestDBWriter'

C:\Users\amita\AppData\Local\Programs\Python\Python311\Lib\unittest\mock.py:1416: AttributeError
---------------------------- Captured stderr setup ----------------------------
2026-05-14 16:07:02.083 | INFO     | src.infrastructure.health_monitor:__init__:103 - Health monitor initialized
____________ TestHealthMonitor.test_check_database_health_failure _____________

args = (<tests.test_health_monitor.TestHealthMonitor object at 0x000001C4675981D0>,)
keywargs = {'monitor': <src.infrastructure.health_monitor.HealthMonitor object at 0x000001C47A626E50>}

    @wraps(func)
    def patched(*args, **keywargs):
>       with self.decoration_helper(patched,
                                    args,
                                    keywargs) as (newargs, newkeywargs):

C:\Users\amita\AppData\Local\Programs\Python\Python311\Lib\unittest\mock.py:1372: 
_ _ _ _ _ _ _ _ _ _ _ _ _ _ _ _ _ _ _ _ _ _ _ _ _ _ _ _ _ _ _ _ _ _ _ _ _ _ _ _
C:\Users\amita\AppData\Local\Programs\Python\Python311\Lib\contextlib.py:137: in __enter__
    return next(self.gen)
           ^^^^^^^^^^^^^^
C:\Users\amita\AppData\Local\Programs\Python\Python311\Lib\unittest\mock.py:1354: in decoration_helper
    arg = exit_stack.enter_context(patching)
          ^^^^^^^^^^^^^^^^^^^^^^^^^^^^^^^^^^
C:\Users\amita\AppData\Local\Programs\Python\Python311\Lib\contextlib.py:517: in enter_context
    result = _enter(cm)
             ^^^^^^^^^^
C:\Users\amita\AppData\Local\Programs\Python\Python311\Lib\unittest\mock.py:1443: in __enter__
    original, local = self.get_original()
                      ^^^^^^^^^^^^^^^^^^^
_ _ _ _ _ _ _ _ _ _ _ _ _ _ _ _ _ _ _ _ _ _ _ _ _ _ _ _ _ _ _ _ _ _ _ _ _ _ _ _

self = <unittest.mock._patch object at 0x000001C467580E50>

    def get_original(self):
        target = self.getter()
        name = self.attribute
    
        original = DEFAULT
        local = False
    
        try:
            original = target.__dict__[name]
        except (AttributeError, KeyError):
            original = getattr(target, name, DEFAULT)
        else:
            local = True
    
        if name in _builtins and isinstance(target, ModuleType):
            self.create = True
    
        if not self.create and original is DEFAULT:
>           raise AttributeError(
                "%s does not have the attribute %r" % (target, name)
            )
E           AttributeError: <module 'src.infrastructure.health_monitor' from 'E:\\PRO\\JIM_Latest\\src\\infrastructure\\health_monitor.py'> does not have the attribute 'QuestDBWriter'

C:\Users\amita\AppData\Local\Programs\Python\Python311\Lib\unittest\mock.py:1416: AttributeError
---------------------------- Captured stderr setup ----------------------------
2026-05-14 16:07:02.126 | INFO     | src.infrastructure.health_monitor:__init__:103 - Health monitor initialized
____________ TestHealthMonitor.test_run_full_health_check_healthy _____________

args = (<tests.test_health_monitor.TestHealthMonitor object at 0x000001C46759B050>,)
keywargs = {'monitor': <src.infrastructure.health_monitor.HealthMonitor object at 0x000001C47CC28790>}

    @wraps(func)
    def patched(*args, **keywargs):
>       with self.decoration_helper(patched,
                                    args,
                                    keywargs) as (newargs, newkeywargs):

C:\Users\amita\AppData\Local\Programs\Python\Python311\Lib\unittest\mock.py:1372: 
_ _ _ _ _ _ _ _ _ _ _ _ _ _ _ _ _ _ _ _ _ _ _ _ _ _ _ _ _ _ _ _ _ _ _ _ _ _ _ _
C:\Users\amita\AppData\Local\Programs\Python\Python311\Lib\contextlib.py:137: in __enter__
    return next(self.gen)
           ^^^^^^^^^^^^^^
C:\Users\amita\AppData\Local\Programs\Python\Python311\Lib\unittest\mock.py:1354: in decoration_helper
    arg = exit_stack.enter_context(patching)
          ^^^^^^^^^^^^^^^^^^^^^^^^^^^^^^^^^^
C:\Users\amita\AppData\Local\Programs\Python\Python311\Lib\contextlib.py:517: in enter_context
    result = _enter(cm)
             ^^^^^^^^^^
C:\Users\amita\AppData\Local\Programs\Python\Python311\Lib\unittest\mock.py:1443: in __enter__
    original, local = self.get_original()
                      ^^^^^^^^^^^^^^^^^^^
_ _ _ _ _ _ _ _ _ _ _ _ _ _ _ _ _ _ _ _ _ _ _ _ _ _ _ _ _ _ _ _ _ _ _ _ _ _ _ _

self = <unittest.mock._patch object at 0x000001C467582090>

    def get_original(self):
        target = self.getter()
        name = self.attribute
    
        original = DEFAULT
        local = False
    
        try:
            original = target.__dict__[name]
        except (AttributeError, KeyError):
            original = getattr(target, name, DEFAULT)
        else:
            local = True
    
        if name in _builtins and isinstance(target, ModuleType):
            self.create = True
    
        if not self.create and original is DEFAULT:
>           raise AttributeError(
                "%s does not have the attribute %r" % (target, name)
            )
E           AttributeError: <module 'src.infrastructure.health_monitor' from 'E:\\PRO\\JIM_Latest\\src\\infrastructure\\health_monitor.py'> does not have the attribute 'QuestDBWriter'

C:\Users\amita\AppData\Local\Programs\Python\Python311\Lib\unittest\mock.py:1416: AttributeError
---------------------------- Captured stderr setup ----------------------------
2026-05-14 16:07:02.425 | INFO     | src.infrastructure.health_monitor:__init__:103 - Health monitor initialized
_______ TestHealthMonitor.test_run_full_health_check_degraded_high_disk _______

args = (<tests.test_health_monitor.TestHealthMonitor object at 0x000001C46758F6D0>,)
keywargs = {'monitor': <src.infrastructure.health_monitor.HealthMonitor object at 0x000001C47CC2F5D0>}

    @wraps(func)
    def patched(*args, **keywargs):
>       with self.decoration_helper(patched,
                                    args,
                                    keywargs) as (newargs, newkeywargs):

C:\Users\amita\AppData\Local\Programs\Python\Python311\Lib\unittest\mock.py:1372: 
_ _ _ _ _ _ _ _ _ _ _ _ _ _ _ _ _ _ _ _ _ _ _ _ _ _ _ _ _ _ _ _ _ _ _ _ _ _ _ _
C:\Users\amita\AppData\Local\Programs\Python\Python311\Lib\contextlib.py:137: in __enter__
    return next(self.gen)
           ^^^^^^^^^^^^^^
C:\Users\amita\AppData\Local\Programs\Python\Python311\Lib\unittest\mock.py:1354: in decoration_helper
    arg = exit_stack.enter_context(patching)
          ^^^^^^^^^^^^^^^^^^^^^^^^^^^^^^^^^^
C:\Users\amita\AppData\Local\Programs\Python\Python311\Lib\contextlib.py:517: in enter_context
    result = _enter(cm)
             ^^^^^^^^^^
C:\Users\amita\AppData\Local\Programs\Python\Python311\Lib\unittest\mock.py:1443: in __enter__
    original, local = self.get_original()
                      ^^^^^^^^^^^^^^^^^^^
_ _ _ _ _ _ _ _ _ _ _ _ _ _ _ _ _ _ _ _ _ _ _ _ _ _ _ _ _ _ _ _ _ _ _ _ _ _ _ _

self = <unittest.mock._patch object at 0x000001C4675827D0>

    def get_original(self):
        target = self.getter()
        name = self.attribute
    
        original = DEFAULT
        local = False
    
        try:
            original = target.__dict__[name]
        except (AttributeError, KeyError):
            original = getattr(target, name, DEFAULT)
        else:
            local = True
    
        if name in _builtins and isinstance(target, ModuleType):
            self.create = True
    
        if not self.create and original is DEFAULT:
>           raise AttributeError(
                "%s does not have the attribute %r" % (target, name)
            )
E           AttributeError: <module 'src.infrastructure.health_monitor' from 'E:\\PRO\\JIM_Latest\\src\\infrastructure\\health_monitor.py'> does not have the attribute 'QuestDBWriter'

C:\Users\amita\AppData\Local\Programs\Python\Python311\Lib\unittest\mock.py:1416: AttributeError
---------------------------- Captured stderr setup ----------------------------
2026-05-14 16:07:02.467 | INFO     | src.infrastructure.health_monitor:__init__:103 - Health monitor initialized
______ TestModelPerformanceMonitor.test_detect_degradation_low_win_rate _______

self = <tests.test_model_performance.TestModelPerformanceMonitor object at 0x000001C47A57EC50>
monitor = <src.models.performance_monitor.ModelPerformanceMonitor object at 0x000001C47CFD8E90>

    def test_detect_degradation_low_win_rate(self, monitor):
        """Test degradation detection with low win rate."""
        # Track trades with low win rate (below baseline 0.52 for wavelet)
        today = datetime.now().strftime("%Y-%m-%d")
        for i in range(10):
            pnl = -100.0 if i % 3 == 0 else 50.0  # ~33% win rate
            monitor.track_trade("wavelet", {"pnl": pnl}, date=today)
    
        # Calculate what the degradation should be
        scorecard = monitor.scorecards["wavelet"]
        daily = scorecard.daily_metrics[0]
    
        # Check that we actually tracked the trades correctly
        assert daily.num_trades == 10
>       assert daily.num_winning_trades == 7  # 7 wins out of 10
        ^^^^^^^^^^^^^^^^^^^^^^^^^^^^^^^^^^^^
E       AssertionError: assert 6 == 7
E        +  where 6 = DailyMetrics(date='2026-05-14', model_name='wavelet', num_trades=10, num_winning_trades=6, num_losing_trades=4, win_ra...vg_win=50.0, avg_loss=-100.0, max_profit=50.0, max_loss=-100.0, sharpe_ratio=0.0, max_drawdown=0.0, return_percent=0.0).num_winning_trades

tests\test_model_performance.py:270: AssertionError
---------------------------- Captured stderr setup ----------------------------
2026-05-14 16:07:02.530 | INFO     | src.models.performance_monitor:__init__:115 - Model performance monitor initialized
============================== warnings summary ===============================
tests/test_phase3_models_backtest.py::TestPhase3ModelBacktests::test_hmm_backtest
tests/test_phase3_models_backtest.py::TestPhase3ModelBacktests::test_tft_backtest
tests/test_phase3_models_backtest.py::TestPhase3ModelBacktests::test_ensemble_backtest
tests/test_phase3_models_backtest.py::TestPhase3ModelBacktests::test_all_models_comparison
  C:\Users\amita\AppData\Local\Programs\Python\Python311\Lib\site-packages\numpy\lib\_function_base_impl.py:2999: RuntimeWarning: invalid value encountered in divide
    c /= stddev[:, None]

tests/test_advanced_risk_metrics.py::TestRiskReport::test_generate_risk_report_contains_metrics
  E:\PRO\JIM_Latest\src\risk\advanced_metrics.py:196: RuntimeWarning: Precision loss occurred in moment calculation due to catastrophic cancellation. This occurs when the data are nearly identical. Results may be unreliable.
    skew = float(stats.skew(returns))

tests/test_advanced_risk_metrics.py::TestRiskReport::test_generate_risk_report_contains_metrics
  E:\PRO\JIM_Latest\src\risk\advanced_metrics.py:199: RuntimeWarning: Precision loss occurred in moment calculation due to catastrophic cancellation. This occurs when the data are nearly identical. Results may be unreliable.
    excess_kurt = float(stats.kurtosis(returns, fisher=True))

-- Docs: https://docs.pytest.org/en/stable/how-to/capture-warnings.html
=========================== short test summary info ===========================
FAILED tests/test_health_monitor.py::TestLatencyMetrics::test_update_multiple_measurements
FAILED tests/test_health_monitor.py::TestHealthMonitor::test_check_database_health_success
FAILED tests/test_health_monitor.py::TestHealthMonitor::test_check_database_health_failure
FAILED tests/test_health_monitor.py::TestHealthMonitor::test_run_full_health_check_healthy
FAILED tests/test_health_monitor.py::TestHealthMonitor::test_run_full_health_check_degraded_high_disk
FAILED tests/test_model_performance.py::TestModelPerformanceMonitor::test_detect_degradation_low_win_rate
6 failed, 128 passed, 6 warnings in 4.57s
