============================= test session starts =============================
platform win32 -- Python 3.11.7, pytest-9.0.3, pluggy-1.6.0 -- C:\Users\amita\AppData\Local\Programs\Python\Python311\python.exe
cachedir: .pytest_cache
rootdir: E:\PRO\JIM_Latest
configfile: pyproject.toml
plugins: anyio-4.9.0, cov-7.1.0
collecting ... collected 91 items

tests/test_health_monitor.py::TestServiceHealth::test_creation PASSED    [  1%]
tests/test_health_monitor.py::TestServiceHealth::test_default_values PASSED [  2%]
tests/test_health_monitor.py::TestLatencyMetrics::test_creation PASSED   [  3%]
tests/test_health_monitor.py::TestLatencyMetrics::test_update_single_measurement PASSED [  4%]
tests/test_health_monitor.py::TestLatencyMetrics::test_update_multiple_measurements FAILED [  5%]
tests/test_health_monitor.py::TestLatencyMetrics::test_update_empty_measurements PASSED [  6%]
tests/test_health_monitor.py::TestHealthMonitor::test_initialization PASSED [  7%]
tests/test_health_monitor.py::TestHealthMonitor::test_measure_endpoint_latency_simple PASSED [  8%]
tests/test_health_monitor.py::TestHealthMonitor::test_measure_endpoint_latency_tracks_in_window PASSED [  9%]
tests/test_health_monitor.py::TestHealthMonitor::test_measure_endpoint_latency_with_exception PASSED [ 10%]
tests/test_health_monitor.py::TestHealthMonitor::test_check_database_health_success FAILED [ 12%]
tests/test_health_monitor.py::TestHealthMonitor::test_check_database_health_failure FAILED [ 13%]
tests/test_health_monitor.py::TestHealthMonitor::test_check_cache_health_success FAILED [ 14%]
tests/test_health_monitor.py::TestHealthMonitor::test_check_cache_health_failure FAILED [ 15%]
tests/test_health_monitor.py::TestHealthMonitor::test_check_disk_health PASSED [ 16%]
tests/test_health_monitor.py::TestHealthMonitor::test_check_system_resources PASSED [ 17%]
tests/test_health_monitor.py::TestHealthMonitor::test_check_network_connectivity_success PASSED [ 18%]
tests/test_health_monitor.py::TestHealthMonitor::test_check_network_connectivity_failure PASSED [ 19%]
tests/test_health_monitor.py::TestHealthMonitor::test_run_full_health_check_healthy FAILED [ 20%]
tests/test_health_monitor.py::TestHealthMonitor::test_run_full_health_check_degraded_high_disk FAILED [ 21%]
tests/test_health_monitor.py::TestHealthMonitor::test_multiple_endpoint_latency_tracking PASSED [ 23%]
tests/test_health_monitor.py::TestHealthMonitorSLACompliance::test_sla_initialization PASSED [ 24%]
tests/test_health_monitor.py::TestHealthMonitorSLACompliance::test_sla_compliance_calculation PASSED [ 25%]
tests/test_health_monitor.py::TestHealthMonitorSLACompliance::test_sla_non_compliance PASSED [ 26%]
tests/test_model_performance.py::TestDailyMetrics::test_creation PASSED  [ 27%]
tests/test_model_performance.py::TestDailyMetrics::test_is_degraded_low_sharpe PASSED [ 28%]
tests/test_model_performance.py::TestDailyMetrics::test_is_degraded_low_win_rate PASSED [ 29%]
tests/test_model_performance.py::TestDailyMetrics::test_is_not_degraded PASSED [ 30%]
tests/test_model_performance.py::TestRegimePerformance::test_creation PASSED [ 31%]
tests/test_model_performance.py::TestRegimePerformance::test_default_values PASSED [ 32%]
tests/test_model_performance.py::TestModelScorecard::test_creation PASSED [ 34%]
tests/test_model_performance.py::TestModelScorecard::test_status_transitions PASSED [ 35%]
tests/test_model_performance.py::TestModelPerformanceMonitor::test_initialization PASSED [ 36%]
tests/test_model_performance.py::TestModelPerformanceMonitor::test_scorecards_initialized PASSED [ 37%]
tests/test_model_performance.py::TestModelPerformanceMonitor::test_baseline_metrics_loaded PASSED [ 38%]
tests/test_model_performance.py::TestModelPerformanceMonitor::test_track_trade_winning PASSED [ 39%]
tests/test_model_performance.py::TestModelPerformanceMonitor::test_track_trade_losing PASSED [ 40%]
tests/test_model_performance.py::TestModelPerformanceMonitor::test_track_multiple_trades_same_day PASSED [ 41%]
tests/test_model_performance.py::TestModelPerformanceMonitor::test_track_trades_multiple_days PASSED [ 42%]
tests/test_model_performance.py::TestModelPerformanceMonitor::test_track_trade_regime_tracking PASSED [ 43%]
tests/test_model_performance.py::TestModelPerformanceMonitor::test_track_trade_unknown_model PASSED [ 45%]
tests/test_model_performance.py::TestModelPerformanceMonitor::test_detect_degradation_no_trades PASSED [ 46%]
tests/test_model_performance.py::TestModelPerformanceMonitor::test_detect_degradation_low_win_rate FAILED [ 47%]
tests/test_model_performance.py::TestModelPerformanceMonitor::test_detect_degradation_no_degradation PASSED [ 48%]
tests/test_model_performance.py::TestModelPerformanceMonitor::test_detect_degradation_large_losses PASSED [ 49%]
tests/test_model_performance.py::TestModelPerformanceMonitor::test_check_regime_performance PASSED [ 50%]
tests/test_model_performance.py::TestModelPerformanceMonitor::test_check_regime_performance_unknown_model PASSED [ 51%]
tests/test_model_performance.py::TestModelPerformanceMonitor::test_generate_daily_report PASSED [ 52%]
tests/test_model_performance.py::TestModelPerformanceMonitor::test_generate_daily_report_no_trades PASSED [ 53%]
tests/test_model_performance.py::TestModelPerformanceMonitor::test_generate_daily_report_default_date PASSED [ 54%]
tests/test_model_performance.py::TestModelPerformanceMonitor::test_disable_enable_model PASSED [ 56%]
tests/test_model_performance.py::TestModelPerformanceMonitor::test_get_summary PASSED [ 57%]
tests/test_model_performance.py::TestModelPerformanceMonitor::test_model_scorecard_update_timestamp PASSED [ 58%]
tests/test_model_performance.py::TestModelPerformanceIntegration::test_multi_day_tracking PASSED [ 59%]
tests/test_model_performance.py::TestModelPerformanceIntegration::test_all_models_tracking PASSED [ 60%]
tests/test_advanced_risk_metrics.py::TestAdvancedRiskMetrics::test_creation PASSED [ 61%]
tests/test_advanced_risk_metrics.py::TestAdvancedRiskMetrics::test_default_values PASSED [ 62%]
tests/test_advanced_risk_metrics.py::TestOmegaRatio::test_omega_all_positive_returns PASSED [ 63%]
tests/test_advanced_risk_metrics.py::TestOmegaRatio::test_omega_all_negative_returns PASSED [ 64%]
tests/test_advanced_risk_metrics.py::TestOmegaRatio::test_omega_mixed_returns PASSED [ 65%]
tests/test_advanced_risk_metrics.py::TestOmegaRatio::test_omega_single_return PASSED [ 67%]
tests/test_advanced_risk_metrics.py::TestOmegaRatio::test_omega_with_target_return PASSED [ 68%]
tests/test_advanced_risk_metrics.py::TestUlcerIndex::test_ulcer_constant_equity PASSED [ 69%]
tests/test_advanced_risk_metrics.py::TestUlcerIndex::test_ulcer_linear_decline PASSED [ 70%]
tests/test_advanced_risk_metrics.py::TestUlcerIndex::test_ulcer_single_drop PASSED [ 71%]
tests/test_advanced_risk_metrics.py::TestUlcerIndex::test_ulcer_short_series PASSED [ 72%]
tests/test_advanced_risk_metrics.py::TestConditionalVaR::test_cvar_normal_distribution PASSED [ 73%]
tests/test_advanced_risk_metrics.py::TestConditionalVaR::test_cvar_all_positive PASSED [ 74%]
tests/test_advanced_risk_metrics.py::TestConditionalVaR::test_cvar_extreme_losses PASSED [ 75%]
tests/test_advanced_risk_metrics.py::TestConditionalVaR::test_cvar_short_series PASSED [ 76%]
tests/test_advanced_risk_metrics.py::TestExpectedShortfall::test_expected_shortfall_normal_dist PASSED [ 78%]
tests/test_advanced_risk_metrics.py::TestExpectedShortfall::test_expected_shortfall_all_positive PASSED [ 79%]
tests/test_advanced_risk_metrics.py::TestExpectedShortfall::test_expected_shortfall_short_series PASSED [ 80%]
tests/test_advanced_risk_metrics.py::TestTailRiskMetrics::test_tail_risk_normal_distribution PASSED [ 81%]
tests/test_advanced_risk_metrics.py::TestTailRiskMetrics::test_tail_risk_left_skewed PASSED [ 82%]
tests/test_advanced_risk_metrics.py::TestTailRiskMetrics::test_tail_risk_right_skewed PASSED [ 83%]
tests/test_advanced_risk_metrics.py::TestTailRiskMetrics::test_tail_risk_high_kurtosis PASSED [ 84%]
tests/test_advanced_risk_metrics.py::TestTailRiskMetrics::test_tail_risk_short_series PASSED [ 85%]
tests/test_advanced_risk_metrics.py::TestRecoveryFactor::test_recovery_factor_positive_return_negative_dd PASSED [ 86%]
tests/test_advanced_risk_metrics.py::TestRecoveryFactor::test_recovery_factor_large_drawdown PASSED [ 87%]
tests/test_advanced_risk_metrics.py::TestRecoveryFactor::test_recovery_factor_no_drawdown PASSED [ 89%]
tests/test_advanced_risk_metrics.py::TestRecoveryFactor::test_recovery_factor_negative_return FAILED [ 90%]
tests/test_advanced_risk_metrics.py::TestRecoveryFactor::test_recovery_factor_zero_return PASSED [ 91%]
tests/test_advanced_risk_metrics.py::TestStressAdjustedSharpe::test_stress_adjusted_sharpe_normal PASSED [ 92%]
tests/test_advanced_risk_metrics.py::TestStressAdjustedSharpe::test_stress_adjusted_sharpe_vs_normal_sharpe PASSED [ 93%]
tests/test_advanced_risk_metrics.py::TestStressAdjustedSharpe::test_stress_adjusted_sharpe_zero_volatility PASSED [ 94%]
tests/test_advanced_risk_metrics.py::TestStressAdjustedSharpe::test_stress_adjusted_sharpe_short_series PASSED [ 95%]
tests/test_advanced_risk_metrics.py::TestRiskReport::test_generate_risk_report PASSED [ 96%]
tests/test_advanced_risk_metrics.py::TestRiskReport::test_generate_risk_report_contains_metrics PASSED [ 97%]
tests/test_advanced_risk_metrics.py::TestAdvancedRiskIntegration::test_complete_risk_analysis PASSED [ 98%]
tests/test_advanced_risk_metrics.py::TestAdvancedRiskIntegration::test_dataclass_creation_from_calculations PASSED [100%]

================================== FAILURES ===================================
____________ TestLatencyMetrics.test_update_multiple_measurements _____________
tests\test_health_monitor.py:78: in test_update_multiple_measurements
    assert metrics.mean_ms == 25.0
E   AssertionError: assert 27.5 == 25.0
E    +  where 27.5 = LatencyMetrics(endpoint='/api', samples=10, mean_ms=27.5, p50_ms=30.0, p95_ms=50.0, p99_ms=50.0, min_ms=5.0, max_ms=50.0).mean_ms
____________ TestHealthMonitor.test_check_database_health_success _____________
C:\Users\amita\AppData\Local\Programs\Python\Python311\Lib\unittest\mock.py:1372: in patched
    with self.decoration_helper(patched,
C:\Users\amita\AppData\Local\Programs\Python\Python311\Lib\contextlib.py:137: in __enter__
    return next(self.gen)
           ^^^^^^^^^^^^^^
C:\Users\amita\AppData\Local\Programs\Python\Python311\Lib\unittest\mock.py:1354: in decoration_helper
    arg = exit_stack.enter_context(patching)
          ^^^^^^^^^^^^^^^^^^^^^^^^^^^^^^^^^^
C:\Users\amita\AppData\Local\Programs\Python\Python311\Lib\contextlib.py:517: in enter_context
    result = _enter(cm)
             ^^^^^^^^^^
C:\Users\amita\AppData\Local\Programs\Python\Python311\Lib\unittest\mock.py:1443: in __enter__
    original, local = self.get_original()
                      ^^^^^^^^^^^^^^^^^^^
C:\Users\amita\AppData\Local\Programs\Python\Python311\Lib\unittest\mock.py:1416: in get_original
    raise AttributeError(
E   AttributeError: <module 'src.infrastructure.health_monitor' from 'E:\\PRO\\JIM_Latest\\src\\infrastructure\\health_monitor.py'> does not have the attribute 'QuestDBWriter'
---------------------------- Captured stderr setup ----------------------------
2026-05-14 16:05:41.882 | INFO     | src.infrastructure.health_monitor:__init__:103 - Health monitor initialized
____________ TestHealthMonitor.test_check_database_health_failure _____________
C:\Users\amita\AppData\Local\Programs\Python\Python311\Lib\unittest\mock.py:1372: in patched
    with self.decoration_helper(patched,
C:\Users\amita\AppData\Local\Programs\Python\Python311\Lib\contextlib.py:137: in __enter__
    return next(self.gen)
           ^^^^^^^^^^^^^^
C:\Users\amita\AppData\Local\Programs\Python\Python311\Lib\unittest\mock.py:1354: in decoration_helper
    arg = exit_stack.enter_context(patching)
          ^^^^^^^^^^^^^^^^^^^^^^^^^^^^^^^^^^
C:\Users\amita\AppData\Local\Programs\Python\Python311\Lib\contextlib.py:517: in enter_context
    result = _enter(cm)
             ^^^^^^^^^^
C:\Users\amita\AppData\Local\Programs\Python\Python311\Lib\unittest\mock.py:1443: in __enter__
    original, local = self.get_original()
                      ^^^^^^^^^^^^^^^^^^^
C:\Users\amita\AppData\Local\Programs\Python\Python311\Lib\unittest\mock.py:1416: in get_original
    raise AttributeError(
E   AttributeError: <module 'src.infrastructure.health_monitor' from 'E:\\PRO\\JIM_Latest\\src\\infrastructure\\health_monitor.py'> does not have the attribute 'QuestDBWriter'
---------------------------- Captured stderr setup ----------------------------
2026-05-14 16:05:41.928 | INFO     | src.infrastructure.health_monitor:__init__:103 - Health monitor initialized
______________ TestHealthMonitor.test_check_cache_health_success ______________
C:\Users\amita\AppData\Local\Programs\Python\Python311\Lib\unittest\mock.py:1372: in patched
    with self.decoration_helper(patched,
C:\Users\amita\AppData\Local\Programs\Python\Python311\Lib\contextlib.py:137: in __enter__
    return next(self.gen)
           ^^^^^^^^^^^^^^
C:\Users\amita\AppData\Local\Programs\Python\Python311\Lib\unittest\mock.py:1354: in decoration_helper
    arg = exit_stack.enter_context(patching)
          ^^^^^^^^^^^^^^^^^^^^^^^^^^^^^^^^^^
C:\Users\amita\AppData\Local\Programs\Python\Python311\Lib\contextlib.py:517: in enter_context
    result = _enter(cm)
             ^^^^^^^^^^
C:\Users\amita\AppData\Local\Programs\Python\Python311\Lib\unittest\mock.py:1427: in __enter__
    self.target = self.getter()
                  ^^^^^^^^^^^^^
C:\Users\amita\AppData\Local\Programs\Python\Python311\Lib\pkgutil.py:715: in resolve_name
    result = getattr(result, p)
             ^^^^^^^^^^^^^^^^^^
E   AttributeError: module 'src.infrastructure.health_monitor' has no attribute 'redis'
---------------------------- Captured stderr setup ----------------------------
2026-05-14 16:05:41.967 | INFO     | src.infrastructure.health_monitor:__init__:103 - Health monitor initialized
______________ TestHealthMonitor.test_check_cache_health_failure ______________
C:\Users\amita\AppData\Local\Programs\Python\Python311\Lib\unittest\mock.py:1372: in patched
    with self.decoration_helper(patched,
C:\Users\amita\AppData\Local\Programs\Python\Python311\Lib\contextlib.py:137: in __enter__
    return next(self.gen)
           ^^^^^^^^^^^^^^
C:\Users\amita\AppData\Local\Programs\Python\Python311\Lib\unittest\mock.py:1354: in decoration_helper
    arg = exit_stack.enter_context(patching)
          ^^^^^^^^^^^^^^^^^^^^^^^^^^^^^^^^^^
C:\Users\amita\AppData\Local\Programs\Python\Python311\Lib\contextlib.py:517: in enter_context
    result = _enter(cm)
             ^^^^^^^^^^
C:\Users\amita\AppData\Local\Programs\Python\Python311\Lib\unittest\mock.py:1427: in __enter__
    self.target = self.getter()
                  ^^^^^^^^^^^^^
C:\Users\amita\AppData\Local\Programs\Python\Python311\Lib\pkgutil.py:715: in resolve_name
    result = getattr(result, p)
             ^^^^^^^^^^^^^^^^^^
E   AttributeError: module 'src.infrastructure.health_monitor' has no attribute 'redis'
---------------------------- Captured stderr setup ----------------------------
2026-05-14 16:05:42.140 | INFO     | src.infrastructure.health_monitor:__init__:103 - Health monitor initialized
____________ TestHealthMonitor.test_run_full_health_check_healthy _____________
C:\Users\amita\AppData\Local\Programs\Python\Python311\Lib\unittest\mock.py:1372: in patched
    with self.decoration_helper(patched,
C:\Users\amita\AppData\Local\Programs\Python\Python311\Lib\contextlib.py:137: in __enter__
    return next(self.gen)
           ^^^^^^^^^^^^^^
C:\Users\amita\AppData\Local\Programs\Python\Python311\Lib\unittest\mock.py:1354: in decoration_helper
    arg = exit_stack.enter_context(patching)
          ^^^^^^^^^^^^^^^^^^^^^^^^^^^^^^^^^^
C:\Users\amita\AppData\Local\Programs\Python\Python311\Lib\contextlib.py:517: in enter_context
    result = _enter(cm)
             ^^^^^^^^^^
C:\Users\amita\AppData\Local\Programs\Python\Python311\Lib\unittest\mock.py:1427: in __enter__
    self.target = self.getter()
                  ^^^^^^^^^^^^^
C:\Users\amita\AppData\Local\Programs\Python\Python311\Lib\pkgutil.py:715: in resolve_name
    result = getattr(result, p)
             ^^^^^^^^^^^^^^^^^^
E   AttributeError: module 'src.infrastructure.health_monitor' has no attribute 'redis'
---------------------------- Captured stderr setup ----------------------------
2026-05-14 16:05:42.180 | INFO     | src.infrastructure.health_monitor:__init__:103 - Health monitor initialized
_______ TestHealthMonitor.test_run_full_health_check_degraded_high_disk _______
C:\Users\amita\AppData\Local\Programs\Python\Python311\Lib\unittest\mock.py:1372: in patched
    with self.decoration_helper(patched,
C:\Users\amita\AppData\Local\Programs\Python\Python311\Lib\contextlib.py:137: in __enter__
    return next(self.gen)
           ^^^^^^^^^^^^^^
C:\Users\amita\AppData\Local\Programs\Python\Python311\Lib\unittest\mock.py:1354: in decoration_helper
    arg = exit_stack.enter_context(patching)
          ^^^^^^^^^^^^^^^^^^^^^^^^^^^^^^^^^^
C:\Users\amita\AppData\Local\Programs\Python\Python311\Lib\contextlib.py:517: in enter_context
    result = _enter(cm)
             ^^^^^^^^^^
C:\Users\amita\AppData\Local\Programs\Python\Python311\Lib\unittest\mock.py:1427: in __enter__
    self.target = self.getter()
                  ^^^^^^^^^^^^^
C:\Users\amita\AppData\Local\Programs\Python\Python311\Lib\pkgutil.py:715: in resolve_name
    result = getattr(result, p)
             ^^^^^^^^^^^^^^^^^^
E   AttributeError: module 'src.infrastructure.health_monitor' has no attribute 'redis'
---------------------------- Captured stderr setup ----------------------------
2026-05-14 16:05:42.216 | INFO     | src.infrastructure.health_monitor:__init__:103 - Health monitor initialized
______ TestModelPerformanceMonitor.test_detect_degradation_low_win_rate _______
tests\test_model_performance.py:265: in test_detect_degradation_low_win_rate
    assert is_degraded is True
E   assert False is True
---------------------------- Captured stderr setup ----------------------------
2026-05-14 16:05:42.284 | INFO     | src.models.performance_monitor:__init__:115 - Model performance monitor initialized
___________ TestRecoveryFactor.test_recovery_factor_negative_return ___________
tests\test_advanced_risk_metrics.py:291: in test_recovery_factor_negative_return
    assert rf == 0.0  # Negative return = 0 recovery
    ^^^^^^^^^^^^^^^^
E   assert -0.5 == 0.0
============================== warnings summary ===============================
tests/test_advanced_risk_metrics.py::TestRiskReport::test_generate_risk_report_contains_metrics
  E:\PRO\JIM_Latest\src\risk\advanced_metrics.py:196: RuntimeWarning: Precision loss occurred in moment calculation due to catastrophic cancellation. This occurs when the data are nearly identical. Results may be unreliable.
    skew = float(stats.skew(returns))

tests/test_advanced_risk_metrics.py::TestRiskReport::test_generate_risk_report_contains_metrics
  E:\PRO\JIM_Latest\src\risk\advanced_metrics.py:199: RuntimeWarning: Precision loss occurred in moment calculation due to catastrophic cancellation. This occurs when the data are nearly identical. Results may be unreliable.
    excess_kurt = float(stats.kurtosis(returns, fisher=True))

-- Docs: https://docs.pytest.org/en/stable/how-to/capture-warnings.html
=========================== short test summary info ===========================
FAILED tests/test_health_monitor.py::TestLatencyMetrics::test_update_multiple_measurements
FAILED tests/test_health_monitor.py::TestHealthMonitor::test_check_database_health_success
FAILED tests/test_health_monitor.py::TestHealthMonitor::test_check_database_health_failure
FAILED tests/test_health_monitor.py::TestHealthMonitor::test_check_cache_health_success
FAILED tests/test_health_monitor.py::TestHealthMonitor::test_check_cache_health_failure
FAILED tests/test_health_monitor.py::TestHealthMonitor::test_run_full_health_check_healthy
FAILED tests/test_health_monitor.py::TestHealthMonitor::test_run_full_health_check_degraded_high_disk
FAILED tests/test_model_performance.py::TestModelPerformanceMonitor::test_detect_degradation_low_win_rate
FAILED tests/test_advanced_risk_metrics.py::TestRecoveryFactor::test_recovery_factor_negative_return
================== 9 failed, 82 passed, 2 warnings in 4.41s ===================
